mysql> SELECT ShopID, COUNT(ShopID) AS NumberOfDrinks
    -> FROM Drink
    -> GROUP BY ShopID;
+--------+----------------+
| ShopID | NumberOfDrinks |
+--------+----------------+
|      1 |              2 |
|      2 |              2 |
|      3 |              2 |
+--------+----------------+
3 rows in set (0.00 sec)

mysql> tee
Currently logging to file 'mod3practice.log'
mysql> SELECT ShopID, COUNT(ShopID) AS NumberOfDrinks
    -> FROM Drink
    -> GROUP BY ShopID;
+--------+----------------+
| ShopID | NumberOfDrinks |
+--------+----------------+
|      1 |              2 |
|      2 |              2 |
|      3 |              2 |
+--------+----------------+
3 rows in set (0.00 sec)

mysql> SELECT ROUND(AVG(___), 2) AS AveragePrice
    -> FROM Drink;
ERROR 1054 (42S22): Unknown column '___' in 'field list'
mysql> SELECT ROUND(AVG(Price), 2) AS AveragePrice
    -> FROM Drink;
+--------------+
| AveragePrice |
+--------------+
|         3.67 |
+--------------+
1 row in set (0.00 sec)

mysql> SELECT COUNT(PurchaseID) AS LargeOrders
    -> FROM Purchase
    -> WHERE Quantity > 5;
+-------------+
| LargeOrders |
+-------------+
|           7 |
+-------------+
1 row in set (0.00 sec)

mysql> SELECT Neighborhood, COUNT(*) AS NumberOfShops
    -> FROM Shop
    -> GROUP BY Neighborhood;
+--------------+---------------+
| Neighborhood | NumberOfShops |
+--------------+---------------+
| Uptown       |             1 |
| Dinkytown    |             1 |
| Grand Avenue |             1 |
+--------------+---------------+
3 rows in set (0.00 sec)

mysql> SELECT DrinkID, SUM(Quantity) AS TotalQuantity
    -> FROM Purchase
    -> GROUP BY DrinkID
    -> ORDER BY TotalQuantity DESC;
+---------+---------------+
| DrinkID | TotalQuantity |
+---------+---------------+
|       1 |            20 |
|       4 |            20 |
|       2 |            15 |
|       5 |            14 |
|       6 |            14 |
|       3 |            10 |
+---------+---------------+
6 rows in set (0.00 sec)

mysql> SELECT PurchaseDate, SUM(Quantity) AS TotalQuantity
    -> FROM Purchase
    -> GROUP BY PurchaseDate
    -> ORDER BY TotalQuantity DESC;
+--------------+---------------+
| PurchaseDate | TotalQuantity |
+--------------+---------------+
| 2026-06-02   |            51 |
| 2026-06-01   |            42 |
+--------------+---------------+
2 rows in set (0.00 sec)

mysql> notee;
